
[1m[7m[36m RUN [39m[27m[22m [36mv2.1.9 [39m[90mD:/QAStarter[39m

[90mstdout[2m | server/tests/generator.test.ts[2m > [22m[2mProjectTemplateGenerator Snapshots[2m > [22m[2mshould match snapshot for Python + Playwright + Pytest
[22m[39mUsing sophisticated template pack for: {
  testingType: [32m'web'[39m,
  language: [32m'python'[39m,
  framework: [32m'playwright'[39m,
  testRunner: [32m'pytest'[39m,
  buildTool: [32m'pip'[39m
}

[90mstderr[2m | server/tests/generator.test.ts[2m > [22m[2mProjectTemplateGenerator Snapshots[2m > [22m[2mshould match snapshot for Python + Playwright + Pytest
[22m[39mError processing file utils/wait_helpers.py: Error: Template processing failed for utils/wait_helpers.py: Error: Parse error on line 18:
... element = document.querySelector('{sele
-----------------------^
Expecting 'ID', got 'INVALID'
    at TemplatePackEngine.processTemplate [90m(D:\QAStarter\[39mserver\templates\templatePackEngine.ts:264:13[90m)[39m
    at TemplatePackEngine.generateProjectStream [90m(D:\QAStarter\[39mserver\templates\templatePackEngine.ts:456:20[90m)[39m
    at TemplatePackEngine.generateProject [90m(D:\QAStarter\[39mserver\templates\templatePackEngine.ts:410:22[90m)[39m
    at ProjectTemplateGenerator.generateProject [90m(D:\QAStarter\[39mserver\templates\index.ts:40:14[90m)[39m
    at [90mD:\QAStarter\[39mserver\tests\generator.test.ts:68:23
    at [90mfile:///D:/QAStarter/[39mnode_modules/[4m@vitest[24m/runner/dist/index.js:533:5
    at runTest [90m(file:///D:/QAStarter/[39mnode_modules/[4m@vitest[24m/runner/dist/index.js:1056:11[90m)[39m
    at runSuite [90m(file:///D:/QAStarter/[39mnode_modules/[4m@vitest[24m/runner/dist/index.js:1205:15[90m)[39m
    at runSuite [90m(file:///D:/QAStarter/[39mnode_modules/[4m@vitest[24m/runner/dist/index.js:1205:15[90m)[39m
    at runFiles [90m(file:///D:/QAStarter/[39mnode_modules/[4m@vitest[24m/runner/dist/index.js:1262:5[90m)[39m
Template pack generation failed for web-python-playwright-pytest-pip: Error: Template processing failed for utils/wait_helpers.py: Error: Parse error on line 18:
... element = document.querySelector('{sele
-----------------------^
Expecting 'ID', got 'INVALID'
    at TemplatePackEngine.processTemplate [90m(D:\QAStarter\[39mserver\templates\templatePackEngine.ts:264:13[90m)[39m
    at TemplatePackEngine.generateProjectStream [90m(D:\QAStarter\[39mserver\templates\templatePackEngine.ts:456:20[90m)[39m
    at TemplatePackEngine.generateProject [90m(D:\QAStarter\[39mserver\templates\templatePackEngine.ts:410:22[90m)[39m
    at ProjectTemplateGenerator.generateProject [90m(D:\QAStarter\[39mserver\templates\index.ts:40:14[90m)[39m
    at [90mD:\QAStarter\[39mserver\tests\generator.test.ts:68:23
    at [90mfile:///D:/QAStarter/[39mnode_modules/[4m@vitest[24m/runner/dist/index.js:533:5
    at runTest [90m(file:///D:/QAStarter/[39mnode_modules/[4m@vitest[24m/runner/dist/index.js:1056:11[90m)[39m
    at runSuite [90m(file:///D:/QAStarter/[39mnode_modules/[4m@vitest[24m/runner/dist/index.js:1205:15[90m)[39m
    at runSuite [90m(file:///D:/QAStarter/[39mnode_modules/[4m@vitest[24m/runner/dist/index.js:1205:15[90m)[39m
    at runFiles [90m(file:///D:/QAStarter/[39mnode_modules/[4m@vitest[24m/runner/dist/index.js:1262:5[90m)[39m

 [31m❯[39m server/tests/generator.test.ts [2m([22m[2m3 tests[22m[2m | [22m[31m1 failed[39m[2m | [22m[33m2 skipped[39m[2m)[22m[90m 64[2mms[22m[39m
[31m   [31m×[31m ProjectTemplateGenerator Snapshots[2m > [22mshould match snapshot for Python + Playwright + Pytest[90m 61[2mms[22m[31m[39m
[31m     → Template processing failed for utils/wait_helpers.py: Error: Parse error on line 18:
... element = document.querySelector('{sele
-----------------------^
Expecting 'ID', got 'INVALID'[39m

[31m⎯⎯⎯⎯⎯⎯⎯[1m[7m Failed Tests 1 [27m[22m⎯⎯⎯⎯⎯⎯⎯[39m

[31m[1m[7m FAIL [27m[22m[39m server/tests/generator.test.ts[2m > [22mProjectTemplateGenerator Snapshots[2m > [22mshould match snapshot for Python + Playwright + Pytest
[31m[1mError[22m: Template processing failed for utils/wait_helpers.py: Error: Parse error on line 18:
... element = document.querySelector('{sele
-----------------------^
Expecting 'ID', got 'INVALID'[39m
[36m [2m❯[22m TemplatePackEngine.processTemplate server/templates/templatePackEngine.ts:[2m264:13[22m[39m
    [90m262| [39m      [35mreturn[39m result[33m;[39m
    [90m263| [39m    } [35mcatch[39m (error) {
    [90m264| [39m      [35mthrow[39m [35mnew[39m [33mError[39m([32m`Template processing failed for [39m[36m${[39mfilePath[36m}[39m[32m: [39m[36m${[39me…
    [90m   | [39m            [31m^[39m
    [90m265| [39m    }
    [90m266| [39m  }
[90m [2m❯[22m TemplatePackEngine.generateProjectStream server/templates/templatePackEngine.ts:[2m456:20[22m[39m
[90m [2m❯[22m TemplatePackEngine.generateProject server/templates/templatePackEngine.ts:[2m410:22[22m[39m
[90m [2m❯[22m ProjectTemplateGenerator.generateProject server/templates/index.ts:[2m40:14[22m[39m
[90m [2m❯[22m server/tests/generator.test.ts:[2m68:23[22m[39m

[31m[2m⎯⎯⎯⎯⎯⎯⎯⎯⎯⎯⎯⎯⎯⎯⎯⎯⎯⎯⎯⎯⎯⎯⎯⎯[1/1]⎯[22m[39m

[2m Test Files [22m [1m[31m1 failed[39m[22m[90m (1)[39m
[2m      Tests [22m [1m[31m1 failed[39m[22m[2m | [22m[33m2 skipped[39m[90m (3)[39m
[2m   Start at [22m 01:06:45
[2m   Duration [22m 5.50s[2m (transform 172ms, setup 0ms, collect 242ms, tests 64ms, environment 0ms, prepare 100ms)[22m

